EUREKA!
MY DEAR WATSON!